Microchip MPLAB XC8 Compiler V1.38 ()

Linker command line:

-W-3 --edf=/Applications/microchip/xc8/v1.38/dat/en_msgs.txt -cs \
  -h+dist/default/production/10f222_test.X.production.sym \
  --cmf=dist/default/production/10f222_test.X.production.cmf -z -Q10F222 \
  -o/tmp/xcnlqxfyJ -Mdist/default/production/10f222_test.X.production.map \
  -E1 -ver=XC8 -ASTACK=0Dh-01bh -pstack=STACK -ACODE=00h-01FEh \
  -ASTRCODE=00h-01FEh -ASTRING=00h-0FFh -AENTRY=00h-0FFh-01FEh \
  -ABANK0=09h-01Dh -ARAM=09h-01Dh -AABS1=09h-01Fh -ACOMMON=01Ch-01Fh \
  -ASFR0=00h-08h \
  -preset_vec=01ffh,reset_wrap=0h,init,end_init,cinit,clrtext \
  -ppowerup=CODE -pfunctab=ENTRY -ACONFIG=0FFFh-0FFFh -pconfig=CONFIG \
  -DCONFIG=2 -AIDLOC=0200h-0203h -pidloc=IDLOC -DIDLOC=2 -pstrings=-STRING \
  -DCODE=2 -DSTRCODE=2 -DSTRING=2 -DCONST=2 -DENTRY=2 -k /tmp/xcuesd4ml.obj \
  dist/default/production/10f222_test.X.production.obj 

Object code version is 3.11

Machine type is 10F222



                Name                               Link     Load   Length Selector   Space Scale
/tmp/xcuesd4ml.obj
                end_init                              0        0        1        0       0
                reset_vec                           1FF      1FF        1      3FE       0
dist/default/production/10f222_test.X.production.obj
                cinit                                 1        1        2        0       0
                maintext                            1FE      1FE        1      3FC       0
                cstackBANK0                           9        9        4        9       1

TOTAL           Name                               Link     Load   Length     Space
        CLASS   STACK          

        CLASS   CODE           
                reset_vec                           1FF      1FF        1         0
                maintext                            1FE      1FE        1         0

        CLASS   STRCODE        

        CLASS   STRING         

        CLASS   ENTRY          
                end_init                              0        0        1         0
                cinit                                 1        1        2         0

        CLASS   BANK0          
                cstackBANK0                           9        9        4         1

        CLASS   RAM            

        CLASS   ABS1           
                abs_s1                               1C       1C        4         1

        CLASS   COMMON         

        CLASS   SFR0           

        CLASS   CONFIG         

        CLASS   IDLOC          

        CLASS   CONST          



SEGMENTS        Name                           Load    Length   Top    Selector   Space  Class     Delta

                reset_wrap                     000000  000003  000003         0       0  ENTRY       2
                cstackBANK0                    000009  000004  00000D         9       1  BANK0       1
                maintext                       0001FE  000001  0001FF       3FC       0  CODE        2
                reset_vec                      0001FF  000001  000200       3FE       0  CODE        2


UNUSED ADDRESS RANGES

        Name                Unused          Largest block    Delta
        BANK0            00D-01B             F           1
        CODE             003-1FD           1FB           2
        CONFIG           FFF-FFF             1           2
        ENTRY            003-0FF+0FE         FD           2
        IDLOC            200-203             4           2
        RAM              00D-01B             F           1
        SFR0             000-008             9           1
        STACK            00D-01B             F           1
        STRCODE          003-1FD           1FB           2
        STRING           003-0FF            FD           2

                                  Symbol Table

__Habs1                  abs1         000
__Hbank0                 bank0        000
__Hcinit                 cinit        003
__Hclrtext               clrtext      003
__Hcode                  code         000
__Hcommon                common       000
__Hconfig                config       000
__HcstackBANK0           cstackBANK0  000
__HcstackCOMMON          cstackCOMMON 000
__Hend_init              end_init     001
__Hfunctab               functab      000
__Hidloc                 idloc        000
__Hinit                  init         000
__Hjmp_tab               jmp_tab      000
__Hmaintext              maintext     000
__Hpowerup               powerup      000
__Hram                   ram          000
__Hreset_vec             reset_vec    200
__Hreset_wrap            reset_wrap   000
__Hsfr0                  sfr0         000
__Hspace_0               (abs)        200
__Hspace_1               (abs)        00D
__Hspace_2               (abs)        000
__Hstack                 stack        000
__Hstrings               strings      000
__Htext                  text         000
__Labs1                  abs1         000
__Lbank0                 bank0        000
__Lcinit                 cinit        001
__Lclrtext               clrtext      003
__Lcode                  code         000
__Lcommon                common       000
__Lconfig                config       000
__LcstackBANK0           cstackBANK0  000
__LcstackCOMMON          cstackCOMMON 000
__Lend_init              end_init     000
__Lfunctab               functab      000
__Lidloc                 idloc        000
__Linit                  init         000
__Ljmp_tab               jmp_tab      000
__Lmaintext              maintext     000
__Lpowerup               powerup      000
__Lram                   ram          000
__Lreset_vec             reset_vec    1FF
__Lreset_wrap            reset_wrap   000
__Lsfr0                  sfr0         000
__Lspace_0               (abs)        000
__Lspace_1               (abs)        000
__Lspace_2               (abs)        000
__Lstack                 stack        000
__Lstrings               strings      000
__Ltext                  text         000
__S0                     (abs)        1FF
__S1                     (abs)        00D
__S2                     (abs)        000
___int_sp                stack        000
___latbits               (abs)        000
___sp                    stack        000
__end_of__initialization cinit        001
__end_of_main            maintext     1FF
__initialization         cinit        001
__pcstackBANK0           cstackBANK0  009
__pcstackCOMMON          cstackCOMMON 000
__pmaintext              maintext     1FE
__size_of_main           (abs)        000
_main                    maintext     1FE
btemp                    (abs)        01C
end_of_initialization    cinit        001
ltemp                    (abs)        01C
ltemp0                   (abs)        01C
ltemp1                   (abs)        020
ltemp2                   (abs)        024
ltemp3                   (abs)        01E
reset_vec                reset_vec    1FF
stackhi                  (abs)        000
stacklo                  (abs)        000
start                    init         000
start_initialization     cinit        001
ttemp                    (abs)        01C
ttemp0                   (abs)        01C
ttemp1                   (abs)        01F
ttemp2                   (abs)        022
ttemp3                   (abs)        025
ttemp4                   (abs)        01D
wtemp                    (abs)        01C
wtemp0                   (abs)        01C
wtemp1                   (abs)        01E
wtemp2                   (abs)        020
wtemp3                   (abs)        022
wtemp4                   (abs)        024
wtemp5                   (abs)        026
wtemp6                   (abs)        01D


FUNCTION INFORMATION:

 *************** function _main *****************
 Defined at:
		line 14 in file "main.c"
 Parameters:    Size  Location     Type
  argc            2    0[BANK0 ] int 
  argv            2    2[BANK0 ] PTR PTR unsigned char 
 Auto vars:     Size  Location     Type
		None
 Return value:  Size  Location     Type
                  2    0[BANK0 ] int 
 Registers used:
		None
 Tracked objects:
		On entry : 
		On exit  : 
		Unchanged: 
 Data sizes:     COMMON   BANK0
      Params:         0       4
      Locals:         0       0
      Temps:          0       0
      Totals:         0       4
Total ram usage:        4 bytes
 This function calls:
		Nothing
 This function is called by:
		Startup code after reset
 This function uses a non-reentrant model



MODULE INFORMATION

Module		Function		Class		Link	Load	Size
shared
		__initialization		ENTRY          	0001	0000	1

shared estimated size: 1

main.c
		_main          		CODE           	01FE	0000	2

main.c estimated size: 2

